40) load[0m
[0;32mI (135) ÔøΩESP-ROM:esp32s3-20210327
Build:Mar 27 2021
rst:0x1 (POWERON),boot:0x8 (SPI_FAST_FLASH_BOOT)
SPIWP:0xee
mode:DIO, clock div:1
load:0x3fce3810,len:0x178c
load:0x403c9700,len:0x4
load:0x403c9704,len:0xcbc
load:0x403cc700,len:0x2d9c
entry 0x403c9914
[0;32mI (27) boot: ESP-IDF v5.2.2 2nd stage bootloader[0m
[0;32mI (27) boot: compile time Oct 12 2025 13:59:02[0m
[0;32mI (27) boot: Multicore bootloader[0m
[0;32mI (30) boot: chip revision: v0.2[0m
[0;32mI (34) boot.esp32s3: Boot SPI Speed : 80MHz[0m
[0;32mI (38) boot.esp32s3: SPI Mode       : DIO[0m
[0;32mI (43) boot.esp32s3: SPI Flash Size : 2MB[0m
[0;32mI (48) boot: Enabling RNG early entropy source...[0m
[0;32mI (53) boot: Partition Table:[0m
[0;32mI (57) boot: ## Label            Usage          Type ST Offset   Length[0m
[0;32mI (64) boot:  0 nvs              WiFi data        01 02 00009000 00006000[0m
[0;32mI (72) boot:  1 phy_init         RF data          01 01 0000f000 00001000[0m
[0;32mI (79) boot:  2 factory          factory app      00 00 00010000 00100000[0m
[0;32mI (87) boot: End of partition table[0m
[0;32mI (91) esp_image: segment 0: paddr=00010020 vaddr=3c0b0020 size=2c9e0h (182752) map[0m
[0;32mI (132) esp_image: segment 1: paddr=0003ca08 vaddr=3fc98900 size=03610h ( 13840) load[0m
[0;32mI (135) esp_image: segment 2: paddr=00040020 vaddr=42000020 size=aac88h (699528) map[0m
[0;32mI (263) esp_image: segment 3: paddr=000eacb0 vaddr=3fc9bf10 size=01100h (  4352) load[0m
[0;32mI (265) esp_image: segment 4: paddr=000ebdb8 vaddr=40374000 size=14874h ( 84084) load[0m
[0;32mI (296) boot: Loaded app from partition at offset 0x10000[0m
[0;32mI (296) boot: Disabling RNG early entropy source...[0m
[0;32mI (307) cpu_start: Multicore app[0m
[0;32mI (318) cpu_start: Pro cpu start user code[0m
[0;32mI (318) cpu_start: cpu freq: 160000000 Hz[0m
[0;32mI (318) cpu_start: Application information:[0m
[0;32mI (321) cpu_start: Project name:     esp_node[0m
[0;32mI (326) cpu_start: App version:      512b338-dirty[0m
[0;32mI (331) cpu_start: Compile time:     Oct 12 2025 16:28:50[0m
[0;32mI (337) cpu_start: ELF file SHA256:  6d3bd8877...[0m
[0;32mI (343) cpu_start: ESP-IDF:          v5.2.2[0m
[0;32mI (347) cpu_start: Min chip rev:     v0.0[0m
[0;32mI (352) cpu_start: Max chip rev:     v0.99 [0m
[0;32mI (357) cpu_start: Chip rev:         v0.2[0m
[0;32mI (362) heap_init: Initializing. RAM available for dynamic allocation:[0m
[0;32mI (369) heap_init: At 3FCA1160 len 000485B0 (289 KiB): RAM[0m
[0;32mI (375) heap_init: At 3FCE9710 len 00005724 (21 KiB): RAM[0m
[0;32mI (381) heap_init: At 3FCF0000 len 00008000 (32 KiB): DRAM[0m
[0;32mI (387) heap_init: At 600FE010 len 00001FD8 (7 KiB): RTCRAM[0m
[0;32mI (395) spi_flash: detected chip: gd[0m
[0;32mI (398) spi_flash: flash io: dio[0m
[0;33mW (402) spi_flash: Detected size(8192k) larger than the size in the binary image header(2048k). Using the size in the binary image header.[0m
[0;32mI (415) sleep: Configure to isolate all GPIO pins in sleep state[0m
[0;32mI (422) sleep: Enable automatic switching of GPIO sleep configuration[0m
[0;32mI (429) main_task: Started on CPU0[0m
[0;32mI (439) main_task: Calling app_main()[0m
[0;32mI (439) PWM: Risoluzione ottimale calcolata: 8 bit per frequenza 40000 Hz[0m
[0;32mI (449) PWM: PWM inizializzato: GPIO 2, Freq 40000 Hz, Risoluzione 8 bit (256 livelli)[0m
[0;32mI (459) PWM: Risoluzione ottimale calcolata: 8 bit per frequenza 40000 Hz[0m
[0;32mI (459) PWM: PWM inizializzato: GPIO 20, Freq 40000 Hz, Risoluzione 8 bit (256 livelli)[0m
[0;32mI (499) wifi: ESP_WIFI_MODE_STA[0m
[0;32mI (499) pp: pp rom version: e7ae62f[0m
[0;32mI (499) net80211: net80211 rom version: e7ae62f[0m
[0;32mI (509) wifi:wifi driver task: 3fcab574, prio:23, stack:6656, core=0[0m
[0;32mI (519) wifi:wifi firmware version: 3e0076f[0m
[0;32mI (519) wifi:wifi certification version: v7.0[0m
[0;32mI (519) wifi:config NVS flash: enabled[0m
[0;32mI (519) wifi:config nano formating: disabled[0m
[0;32mI (529) wifi:Init data frame dynamic rx buffer num: 32[0m
[0;32mI (529) wifi:Init static rx mgmt buffer num: 5[0m
[0;32mI (539) wifi:Init management short buffer num: 32[0m
[0;32mI (539) wifi:Init dynamic tx buffer num: 32[0m
[0;32mI (549) wifi:Init static tx FG buffer num: 2[0m
[0;32mI (549) wifi:Init static rx buffer size: 1600[0m
[0;32mI (549) wifi:Init static rx buffer num: 10[0m
[0;32mI (559) wifi:Init dynamic rx buffer num: 32[0m
[0;32mI (559) wifi_init: rx ba win: 6[0m
[0;32mI (559) wifi_init: tcpip mbox: 32[0m
[0;32mI (569) wifi_init: udp mbox: 6[0m
[0;32mI (569) wifi_init: tcp mbox: 6[0m
[0;32mI (579) wifi_init: tcp tx win: 5760[0m
[0;32mI (579) wifi_init: tcp rx win: 5760[0m
[0;32mI (579) wifi_init: tcp mss: 1440[0m
[0;32mI (589) wifi_init: WiFi IRAM OP enabled[0m
[0;32mI (589) wifi_init: WiFi RX IRAM OP enabled[0m
[0;32mI (599) phy_init: phy_version 670,b7bc9b9,Apr 30 2024,10:54:13[0m
[0;32mI (639) wifi:mode : sta (48:27:e2:e2:e5:e4)[0m
[0;32mI (639) wifi:enable tsf[0m
[0;32mI (639) wifi: wifi_init_sta finished.[0m
[0;32mI (649) wifi:new:<6,0>, old:<1,0>, ap:<255,255>, sta:<6,0>, prof:1[0m
[0;32mI (649) wifi:state: init -> auth (b0)[0m
[0;32mI (1649) wifi:state: auth -> init (200)[0m
[0;32mI (1649) wifi:new:<6,0>, old:<6,0>, ap:<255,255>, sta:<6,0>, prof:1[0m
[0;32mI (1659) wifi: retry to connect to the AP[0m
[0;32mI (1659) wifi: connect to the AP fail[0m
[0;32mI (4069) wifi: retry to connect to the AP[0m
[0;32mI (4069) wifi: connect to the AP fail[0m
[0;32mI (4069) wifi:new:<6,0>, old:<6,0>, ap:<255,255>, sta:<6,0>, prof:1[0m
[0;32mI (4069) wifi:state: init -> auth (b0)[0m
[0;32mI (4079) wifi:state: auth -> assoc (0)[0m
[0;32mI (4109) wifi:state: assoc -> run (10)[0m
[0;32mI (4159) wifi:connected with Oneplus, aid = 2, channel 6, BW20, bssid = ba:7e:6d:57:2c:9d[0m
[0;32mI (4159) wifi:security: WPA2-PSK, phy: bgn, rssi: -58[0m
[0;32mI (4159) wifi:pm start, type: 1[0m

[0;32mI (4159) wifi:dp: 1, bi: 102400, li: 3, scale listen interval from 307200 us to 307200 us[0m
[0;32mI (4169) wifi:set rx beacon pti, rx_bcn_pti: 0, bcn_timeout: 25000, mt_pti: 0, mt_time: 10000[0m
[0;32mI (4179) wifi:dp: 2, bi: 102400, li: 4, scale listen interval from 307200 us to 409600 us[0m
[0;32mI (4189) wifi:AP's beacon interval = 102400 us, DTIM period = 2[0m
[0;32mI (4209) wifi:<ba-add>idx:0 (ifx:0, ba:7e:6d:57:2c:9d), tid:0, ssn:0, winSize:64[0m
[0;32mI (5189) esp_netif_handlers: sta ip: 10.88.206.252, mask: 255.255.255.0, gw: 10.88.206.212[0m
[0;32mI (5189) wifi: got ip:10.88.206.252[0m
[0;32mI (5189) wifi: connected to ap SSID:Oneplus password:123456789[0m
[0;32mI (5199) MAIN: WIFI connected![0m
[0;32mI (5199) mqtts: MqttWrapper created with client_id: 4827E2E2E5E4[0m
[0;32mI (5209) mqtts: [APP] Free memory: 287256 bytes[0m
[0;32mI (5209) mqtts: Other event id:7[0m
[0;32mI (6979) mqtts: MQTT_EVENT_CONNECTED[0m
[0;32mI (6979) mqtts: Subscribed to 4827E2E2E5E4/downlink, msg_id=2624[0m
[0;32mI (7039) mqtts: MQTT_EVENT_SUBSCRIBED, msg_id=2624[0m
[0;32mI (7219) MAIN: MQTT connected! System running in background...[0m
[0;32mI (7219) MAIN: Initializing SNTP[0m
[0;32mI (7219) MAIN: Waiting for time sync... (1/10)[0m
[0;32mI (8219) MAIN: Waiting for time sync... (2/10)[0m
[0;32mI (9219) MAIN: Time synchronized: Sun Oct 12 22:19:13 2025
[0m
[0;32mI (9219) mqtts: Enqueued to 4827E2E2E5E4/uplink, msg_id=57675[0m
[0;32mI (9219) MAIN: MQTT message sent![0m
[0;32mI (10439) mqtts: MQTT_EVENT_PUBLISHED, msg_id=57675[0m
[0;32mI (19219) mqtts: Enqueued to 4827E2E2E5E4/uplink, msg_id=16814[0m
[0;32mI (19219) MAIN: MQTT message sent![0m
[0;32mI (20049) mqtts: MQTT_EVENT_PUBLISHED, msg_id=16814[0m
[0;32mI (29219) mqtts: Enqueued to 4827E2E2E5E4/uplink, msg_id=36245[0m
[0;32mI (29219) MAIN: MQTT message sent![0m
[0;32mI (30699) mqtts: MQTT_EVENT_PUBLISHED, msg_id=36245[0m
[0;32mI (39219) mqtts: Enqueued to 4827E2E2E5E4/uplink, msg_id=41368[0m
[0;32mI (39219) MAIN: MQTT message sent![0m
[0;32mI (40039) mqtts: MQTT_EVENT_PUBLISHED, msg_id=41368[0m
[0;32mI (49219) mqtts: Enqueued to 4827E2E2E5E4/uplink, msg_id=26075[0m
[0;32mI (49219) MAIN: MQTT message sent![0m
[0;32mI (50459) mqtts: MQTT_EVENT_PUBLISHED, msg_id=26075[0m
[0;32mI (51689) mqtts: MQTT_EVENT_DATA[0m
TOPIC=4827E2E2E5E4/downlink
DATA={"frequency":40.0,"duty_frequency":0.16,"temperature":25.0,"finish_after":0.001,"startTime":null}
[0;32mI (51689) MAIN: === Message received in MAIN ===[0m
[0;32mI (51699) MAIN: Topic: 4827E2E2E5E4/downlink[0m
[0;32mI (51699) MAIN: Data: {"frequency":40.0,"duty_frequency":0.16,"temperature":25.0,"finish_after":0.001,"startTime":null}[0m
[0;32mI (51719) MAIN: Start timestamp is 0 or past, executing immediately[0m
[0;32mI (51719) MAIN: ‚è∞ Timer triggered! Executing scheduled action...[0m
[0;32mI (51729) MAIN: Expiry timer set for 0.00 hours (total 3 seconds from now)[0m
[0;32mI (51739) MAIN: status updated and timer started[0m
[0;32mI (54729) MAIN: ‚è≥ Expiry timer triggered! Schedule has expired![0m
[0;32mI (59219) mqtts: Enqueued to 4827E2E2E5E4/uplink, msg_id=19099[0m
[0;32mI (59219) MAIN: MQTT message sent![0m
[0;32mI (60389) mqtts: MQTT_EVENT_PUBLISHED, msg_id=19099[0m
[0;32mI (69219) mqtts: Enqueued to 4827E2E2E5E4/uplink, msg_id=607[0m
[0;32mI (69219) MAIN: MQTT message sent![0m
[0;32mI (69909) mqtts: MQTT_EVENT_PUBLISHED, msg_id=607[0m
[0;32mI (79219) mqtts: Enqueued to 4827E2E2E5E4/uplink, msg_id=57039[0m
[0;32mI (79219) MAIN: MQTT message sent![0m
[0;32mI (80359) mqtts: MQTT_EVENT_PUBLISHED, msg_id=57039[0m
[0;32mI (89219) mqtts: Enqueued to 4827E2E2E5E4/uplink, msg_id=53683[0m
[0;32mI (89219) MAIN: MQTT message sent![0m
[0;32mI (89779) mqtts: MQTT_EVENT_PUBLISHED, msg_id=53683[0m
[0;32mI (99219) mqtts: Enqueued to 4827E2E2E5E4/uplink, msg_id=9840[0m
[0;32mI (99219) MAIN: MQTT message sent![0m
[0;32mI (100119) mqtts: MQTT_EVENT_PUBLISHED, msg_id=9840[0m
[0;32mI (109219) mqtts: Enqueued to 4827E2E2E5E4/uplink, msg_id=38779[0m
[0;32mI (109219) MAIN: MQTT message sent![0m
[0;32mI (110459) mqtts: MQTT_EVENT_PUBLISHED, msg_id=38779[0m
[0;32mI (119219) mqtts: Enqueued to 4827E2E2E5E4/uplink, msg_id=4[0m
[0;32mI (119219) MAIN: MQTT message sent![0m
[0;32mI (119679) mqtts: MQTT_EVENT_PUBLISHED, msg_id=4[0m
[0;32mI (129219) mqtts: Enqueued to 4827E2E2E5E4/uplink, msg_id=52146[0m
[0;32mI (129219) MAIN: MQTT message sent![0m
[0;32mI (130329) mqtts: MQTT_EVENT_PUBLISHED, msg_id=52146[0m
[0;32mI (139219) mqtts: Enqueued to 4827E2E2E5E4/uplink, msg_id=37788[0m
[0;32mI (139219) MAIN: MQTT message sent![0m
[0;32mI (139649) mqtts: MQTT_EVENT_PUBLISHED, msg_id=37788[0m
[0;32mI (149219) mqtts: Enqueued to 4827E2E2E5E4/uplink, msg_id=46040[0m
[0;32mI (149219) MAIN: MQTT message sent![0m
[0;32mI (149999) mqtts: MQTT_EVENT_PUBLISHED, msg_id=46040[0m
[0;32mI (159219) mqtts: Enqueued to 4827E2E2E5E4/uplink, msg_id=5732[0m
[0;32mI (159219) MAIN: MQTT message sent![0m
[0;32mI (160229) mqtts: MQTT_EVENT_PUBLISHED, msg_id=5732[0m
[0;32mI (169219) mqtts: Enqueued to 4827E2E2E5E4/uplink, msg_id=55659[0m
[0;32mI (169219) MAIN: MQTT message sent![0m
[0;32mI (169399) mqtts: MQTT_EVENT_PUBLISHED, msg_id=55659[0m
[0;32mI (179219) mqtts: Enqueued to 4827E2E2E5E4/uplink, msg_id=2106[0m
[0;32mI (179219) MAIN: MQTT message sent![0m
[0;32mI (179889) mqtts: MQTT_EVENT_PUBLISHED, msg_id=2106[0m
[0;32mI (189219) mqtts: Enqueued to 4827E2E2E5E4/uplink, msg_id=6170[0m
[0;32mI (189219) MAIN: MQTT message sent![0m
[0;32mI (189399) mqtts: MQTT_EVENT_PUBLISHED, msg_id=6170[0m
[0;32mI (199219) mqtts: Enqueued to 4827E2E2E5E4/uplink, msg_id=57768[0m
[0;32mI (199219) MAIN: MQTT message sent![0m
[0;32mI (199749) mqtts: MQTT_EVENT_PUBLISHED, msg_id=57768[0m
[0;32mI (209219) mqtts: Enqueued to 4827E2E2E5E4/uplink, msg_id=17191[0m
[0;32mI (209219) MAIN: MQTT message sent![0m
[0;32mI (210099) mqtts: MQTT_EVENT_PUBLISHED, msg_id=17191[0m
[0;32mI (219219) mqtts: Enqueued to 4827E2E2E5E4/uplink, msg_id=9135[0m
[0;32mI (219219) MAIN: MQTT message sent![0m
[0;32mI (220439) mqtts: MQTT_EVENT_PUBLISHED, msg_id=9135[0m
[0;32mI (229219) mqtts: Enqueued to 4827E2E2E5E4/uplink, msg_id=45039[0m
[0;32mI (229219) MAIN: MQTT message sent![0m
[0;32mI (229649) mqtts: MQTT_EVENT_PUBLISHED, msg_id=45039[0m
[0;32mI (239219) mqtts: Enqueued to 4827E2E2E5E4/uplink, msg_id=11682[0m
[0;32mI (239219) MAIN: MQTT message sent![0m
[0;32mI (239999) mqtts: MQTT_EVENT_PUBLISHED, msg_id=11682[0m
[0;32mI (249219) mqtts: Enqueued to 4827E2E2E5E4/uplink, msg_id=19899[0m
[0;32mI (249219) MAIN: MQTT message sent![0m
[0;32mI (250439) mqtts: MQTT_EVENT_PUBLISHED, msg_id=19899[0m
[0;32mI (259219) mqtts: Enqueued to 4827E2E2E5E4/uplink, msg_id=16030[0m
[0;32mI (259219) MAIN: MQTT message sent![0m
[0;32mI (259769) mqtts: MQTT_EVENT_PUBLISHED, msg_id=16030[0m
[0;32mI (269219) mqtts: Enqueued to 4827E2E2E5E4/uplink, msg_id=37885[0m
[0;32mI (269219) MAIN: MQTT message sent![0m
[0;32mI (270199) mqtts: MQTT_EVENT_PUBLISHED, msg_id=37885[0m
ESP-ROM:esp32s3-20210327
Build:Mar 27 2021
rst:0x1 (POWERON),boot:0x9 (SPI_FAST_FLASH_BOOT)
SPIWP:0xee
mode:DIO, clock div:1
load:0x3fce3810,len:0x178c
load:0x403c9700,len:0x4
load:0x403c9704,len:0xcbc
load:0x403cc700,len:0x2d9c
entry 0x403c9914
[0;32mI (27) boot: ESP-IDF v5.2.2 2nd stage bootloader[0m
[0;32mI (27) boot: compile time Oct 12 2025 13:59:02[0m
[0;32mI (27) boot: Multicore bootloader[0m
[0;32mI (30) boot: chip revision: v0.2[0m
[0;32mI (34) boot.esp32s3: Boot SPI Speed : 80MHz[0m
[0;32mI (38) boot.esp32s3: SPI Mode       : DIO[0m
[0;32mI (43) boot.esp32s3: SPI Flash Size : 2MB[0m
[0;32mI (48) boot: Enabling RNG early entropy source...[0m
[0;32mI (53) boot: Partition Table:[0m
[0;32mI (57) boot: ## Label            Usage          Type ST Offset   Length[0m
[0;32mI (64) boot:  0 nvs              WiFi data        01 02 00009000 00006000[0m
[0;32mI (72) boot:  1 phy_init         RF data          01 01 0000f000 00001000[0m
[0;32mI (79) boot:  2 factory          factory app      00 00 00010000 00100000[0m
[0;32mI (87) boot: End of partition table[0m
[0;32mI (91) esp_image: segment 0: paddr=00010020 vaddr=3c0b0020 size=2c9e0h (182752) map[0m
[0;32mI (132) esp_image: segment 1: paddr=0003ca08 vaddr=3fc98900 size=03610h ( 13840) load[0m
[0;32mI (135) esp_image: segment 2: paddr=00040020 vaddr=42000020 size=aac88h (699528) map[0m
[0;32mI (263) esp_image: segment 3: paddr=000eacb0 vaddr=3fc9bf10 size=01100h (  4352) load[0m
[0;32mI (265) esp_image: segment 4: paddr=000ebdb8 vaddr=40374000 size=14874h ( 84084) load[0m
[0;32mI (296) boot: Loaded app from partition at offset 0x10000[0m
[0;32mI (296) boot: Disabling RNG early entropy source...[0m
[0;32mI (307) cpu_start: Multicore app[0m
[0;32mI (318) cpu_start: Pro cpu start user code[0m
[0;32mI (318) cpu_start: cpu freq: 160000000 Hz[0m
[0;32mI (318) cpu_start: Application information:[0m
[0;32mI (321) cpu_start: Project name:     esp_node[0m
[0;32mI (326) cpu_start: App version:      512b338-dirty[0m
[0;32mI (331) cpu_start: Compile time:     Oct 12 2025 16:28:50[0m
[0;32mI (337) cpu_start: ELF file SHA256:  6d3bd8877...[0m
[0;32mI (343) cpu_start: ESP-IDF:          v5.2.2[0m
[0;32mI (347) cpu_start: Min chip rev:     v0.0[0m
[0;32mI (352) cpu_start: Max chip rev:     v0.99 [0m
[0;32mI (357) cpu_start: Chip rev:         v0.2[0m
[0;32mI (362) heap_init: Initializing. RAM available for dynamic allocation:[0m
[0;32mI (369) heap_init: At 3FCA1160 len 000485B0 (289 KiB): RAM[0m
[0;32mI (375) heap_init: At 3FCE9710 len 00005724 (21 KiB): RAM[0m
[0;32mI (381) heap_init: At 3FCF0000 len 00008000 (32 KiB): DRAM[0m
[0;32mI (387) heap_init: At 600FE010 len 00001FD8 (7 KiB): RTCRAM[0m
[0;32mI (395) spi_flash: detected chip: gd[0m
[0;32mI (398) spi_flash: flash io: dio[0m
[0;33mW (402) spi_flash: Detected size(8192k) larger than the size in the binary image header(2048k). Using the size in the binary image header.[0m
[0;32mI (415) sleep: Configure to isolate all GPIO pins in sleep state[0m
[0;32mI (422) sleep: Enable automatic switching of GPIO sleep configuration[0m
[0;32mI (429) main_task: Started on CPU0[0m
[0;32mI (439) main_task: Calling app_main()[0m
[0;32mI (439) PWM: Risoluzione ottimale calcolata: 8 bit per frequenza 40000 Hz[0m
[0;32mI (449) PWM: PWM inizializzato: GPIO 2, Freq 40000 Hz, Risoluzione 8 bit (256 livelli)[0m
[0;32mI (459) PWM: Risoluzione ottimale calcolata: 8 bit per frequenza 40000 Hz[0m
[0;32mI (459) PWM: PWM inizializzato: GPIO 20, Freq 40000 Hz, Risoluzione 8 bit (256 livelli)[0m
[0;32mI (499) wifi: ESP_WIFI_MODE_STA[0m
[0;32mI (499) pp: pp rom version: e7ae62f[0m
[0;32mI (499) net80211: net80211 rom version: e7ae62f[0m
[0;32mI (509) wifi:wifi driver task: 3fcab574, prio:23, stack:6656, core=0[0m
[0;32mI (519) wifi:wifi firmware version: 3e0076f[0m
[0;32mI (519) wifi:wifi certification version: v7.0[0m
[0;32mI (519) wifi:config NVS flash: enabled[0m
[0;32mI (519) wifi:config nano formating: disabled[0m
[0;32mI (529) wifi:Init data frame dynamic rx buffer num: 32[0m
[0;32mI (529) wifi:Init static rx mgmt buffer num: 5[0m
[0;32mI (539) wifi:Init management short buffer num: 32[0m
[0;32mI (539) wifi:Init dynamic tx buffer num: 32[0m
[0;32mI (549) wifi:Init static tx FG buffer num: 2[0m
[0;32mI (549) wifi:Init static rx buffer size: 1600[0m
[0;32mI (549) wifi:Init static rx buffer num: 10[0m
[0;32mI (559) wifi:Init dynamic rx buffer num: 32[0m
[0;32mI (559) wifi_init: rx ba win: 6[0m
[0;32mI (559) wifi_init: tcpip mbox: 32[0m
[0;32mI (569) wifi_init: udp mbox: 6[0m
[0;32mI (569) wifi_init: tcp mbox: 6[0m
[0;32mI (579) wifi_init: tcp tx win: 5760[0m
[0;32mI (579) wifi_init: tcp rx win: 5760[0m
[0;32mI (579) wifi_init: tcp mss: 1440[0m
[0;32mI (589) wifi_init: WiFi IRAM OP enabled[0m
[0;32mI (589) wifi_init: WiFi RX IRAM OP enabled[0m
[0;32mI (599) phy_init: phy_version 670,b7bc9b9,Apr 30 2024,10:54:13[0m
[0;32mI (639) wifi:mode : sta (48:27:e2:e2:e5:e4)[0m
[0;32mI (639) wifi:enable tsf[0m
[0;32mI (639) wifi: wifi_init_sta finished.[0m
[0;32mI (649) wifi:new:<6,0>, old:<1,0>, ap:<255,255>, sta:<6,0>, prof:1[0m
[0;32mI (649) wifi:state: init -> auth (b0)[0m
[0;32mI (1649) wifi:state: auth -> init (200)[0m
[0;32mI (1649) wifi:new:<6,0>, old:<6,0>, ap:<255,255>, sta:<6,0>, prof:1[0m
[0;32mI (1659) wifi: retry to connect to the AP[0m
[0;32mI (1659) wifi: connect to the AP fail[0m
[0;32mI (4069) wifi: retry to connect to the AP[0m
[0;32mI (4069) wifi: connect to the AP fail[0m
[0;32mI (4069) wifi:new:<6,0>, old:<6,0>, ap:<255,255>, sta:<6,0>, prof:1[0m
[0;32mI (4069) wifi:state: init -> auth (b0)[0m
[0;32mI (4079) wifi:state: auth -> assoc (0)[0m
[0;32mI (4119) wifi:state: assoc -> run (10)[0m
[0;32mI (4179) wifi:connected with Oneplus, aid = 3, channel 6, BW20, bssid = ba:7e:6d:57:2c:9d[0m
[0;32mI (4179) wifi:security: WPA2-PSK, phy: bgn, rssi: -44[0m
[0;32mI (4189) wifi:pm start, type: 1[0m

[0;32mI (4189) wifi:dp: 1, bi: 102400, li: 3, scale listen interval from 307200 us to 307200 us[0m
[0;32mI (4189) wifi:set rx beacon pti, rx_bcn_pti: 0, bcn_timeout: 25000, mt_pti: 0, mt_time: 10000[0m
[0;32mI (4209) wifi:<ba-add>idx:0 (ifx:0, ba:7e:6d:57:2c:9d), tid:0, ssn:0, winSize:64[0m
[0;32mI (4249) wifi:dp: 2, bi: 102400, li: 4, scale listen interval from 307200 us to 409600 us[0m
[0;32mI (4249) wifi:AP's beacon interval = 102400 us, DTIM period = 2[0m
[0;32mI (5199) esp_netif_handlers: sta ip: 10.88.206.252, mask: 255.255.255.0, gw: 10.88.206.212[0m
[0;32mI (5199) wifi: got ip:10.88.206.252[0m
[0;32mI (5199) wifi: connected to ap SSID:Oneplus password:123456789[0m
[0;32mI (5209) MAIN: WIFI connected![0m
[0;32mI (5209) mqtts: MqttWrapper created with client_id: 4827E2E2E5E4[0m
[0;32mI (5219) mqtts: [APP] Free memory: 287256 bytes[0m
[0;32mI (5219) mqtts: Other event id:7[0m
