Command: /home/fracchio/.espressif/python_env/idf5.5_py3.10_env/bin/python /home/fracchio/esp/esp-idf/tools/idf_monitor.py -p /dev/ttyUSB0 -b 115200 --toolchain-prefix xtensa-esp32s3-elf- --target esp32s3 --revision 0 /home/fracchio/Thesis_project_node_side/esp_node/build/esp_node.elf /home/fracchio/Thesis_project_node_side/esp_node/build/bootloader/bootloader.elf -m '/home/fracchio/.espressif/python_env/idf5.5_py3.10_env/bin/python' '/home/fracchio/esp/esp-idf/tools/idf.py' '-p' '/dev/ttyUSB0'
ile time:     Oct 20 2025 17:31:09[0m
[0;32mI (336)ï¿½ESP-ROM:esp32s3-20210327
Build:Mar 27 2021
rst:0x1 (POWERON),boot:0x8 (SPI_FAST_FLASH_BOOT)
SPIWP:0xee
mode:DIO, clock div:1
load:0x3fce2820,len:0x158c
load:0x403c8700,len:0xd24
load:0x403cb700,len:0x2f34
entry 0x403c8924
[0;32mI (24) boot: ESP-IDF v5.5.1 2nd stage bootloader[0m
[0;32mI (25) boot: compile time Oct 20 2025 17:31:18[0m
[0;32mI (25) boot: Multicore bootloader[0m
[0;32mI (25) boot: chip revision: v0.2[0m
[0;32mI (28) boot: efuse block revision: v1.3[0m
[0;32mI (31) boot.esp32s3: Boot SPI Speed : 80MHz[0m
[0;32mI (35) boot.esp32s3: SPI Mode       : DIO[0m
[0;32mI (39) boot.esp32s3: SPI Flash Size : 2MB[0m
[0;32mI (43) boot: Enabling RNG early entropy source...[0m
[0;32mI (47) boot: Partition Table:[0m
[0;32mI (50) boot: ## Label            Usage          Type ST Offset   Length[0m
[0;32mI (56) boot:  0 nvs              WiFi data        01 02 00009000 00006000[0m
[0;32mI (63) boot:  1 phy_init         RF data          01 01 0000f000 00001000[0m
[0;32mI (69) boot:  2 factory          factory app      00 00 00010000 00177000[0m
[0;32mI (76) boot: End of partition table[0m
[0;32mI (79) esp_image: segment 0: paddr=00010020 vaddr=3c0c0020 size=36bbch (224188) map[0m
[0;32mI (126) esp_image: segment 1: paddr=00046be4 vaddr=3fc9d000 size=04f14h ( 20244) load[0m
[0;32mI (130) esp_image: segment 2: paddr=0004bb00 vaddr=40374000 size=04518h ( 17688) load[0m
[0;32mI (134) esp_image: segment 3: paddr=00050020 vaddr=42000020 size=b6a90h (748176) map[0m
[0;32mI (269) esp_image: segment 4: paddr=00106ab8 vaddr=40378518 size=14a44h ( 84548) load[0m
[0;32mI (288) esp_image: segment 5: paddr=0011b504 vaddr=50000000 size=00020h (    32) load[0m
[0;32mI (298) boot: Loaded app from partition at offset 0x10000[0m
[0;32mI (298) boot: Disabling RNG early entropy source...[0m
[0;32mI (308) cpu_start: Multicore app[0m
[0;32mI (317) cpu_start: Pro cpu start user code[0m
[0;32mI (317) cpu_start: cpu freq: 160000000 Hz[0m
[0;32mI (317) app_init: Application information:[0m
[0;32mI (320) app_init: Project name:     esp_node[0m
[0;32mI (325) app_init: App version:      3a10424-dirty[0m
[0;32mI (330) app_init: Compile time:     Oct 20 2025 17:31:09[0m
[0;32mI (336) app_init: ELF file SHA256:  ce868ff2d...[0m
[0;32mI (342) app_init: ESP-IDF:          v5.5.1[0m
[0;32mI (346) efuse_init: Min chip rev:     v0.0[0m
[0;32mI (351) efuse_init: Max chip rev:     v0.99 [0m
[0;32mI (356) efuse_init: Chip rev:         v0.2[0m
[0;32mI (361) heap_init: Initializing. RAM available for dynamic allocation:[0m
[0;32mI (368) heap_init: At 3FCA6560 len 000431B0 (268 KiB): RAM[0m
[0;32mI (374) heap_init: At 3FCE9710 len 00005724 (21 KiB): RAM[0m
[0;32mI (380) heap_init: At 3FCF0000 len 00008000 (32 KiB): DRAM[0m
[0;32mI (387) heap_init: At 600FE000 len 00001FE8 (7 KiB): RTCRAM[0m
[0;32mI (394) spi_flash: detected chip: gd[0m
[0;32mI (397) spi_flash: flash io: dio[0m
[0;33mW (401) spi_flash: Detected size(8192k) larger than the size in the binary image header(2048k). Using the size in the binary image header.[0m
[0;32mI (415) sleep_gpio: Configure to isolate all GPIO pins in sleep state[0m
[0;32mI (422) sleep_gpio: Enable automatic switching of GPIO sleep configuration[0m
[0;32mI (429) main_task: Started on CPU0[0m
[0;32mI (449) main_task: Calling app_main()[0m
[0;32mI (449) PWM: Risoluzione ottimale calcolata: 8 bit per frequenza 40000 Hz[0m
[0;32mI (449) PWM: PWM inizializzato: GPIO 2, Freq 40000 Hz, Risoluzione 8 bit (256 livelli)[0m
[0;32mI (459) PWM: Risoluzione ottimale calcolata: 8 bit per frequenza 40000 Hz[0m
[0;32mI (469) PWM: PWM inizializzato: GPIO 3, Freq 40000 Hz, Risoluzione 8 bit (256 livelli)[0m
[0;32mI (479) PWM: Risoluzione ottimale calcolata: 8 bit per frequenza 40000 Hz[0m
[0;32mI (479) PWM: PWM inizializzato: GPIO 4, Freq 40000 Hz, Risoluzione 8 bit (256 livelli)[0m
[0;32mI (489) PWM: Risoluzione ottimale calcolata: 8 bit per frequenza 40000 Hz[0m
[0;32mI (499) PWM: PWM inizializzato: GPIO 1, Freq 40000 Hz, Risoluzione 8 bit (256 livelli)[0m
[0;32mI (509) PWM: Cambio frequenza: 40000 -> 150 Hz, risoluzione: 8 -> 14 bit[0m
[0;32mI (519) PWM: Timer riconfigurato: 150 Hz, 14 bit (16384 livelli)[0m
Imposto duty: 0 / 16384 (risoluzione: 14 bit)
[0;32mI (529) PWM: Hardware PWM duty: 0.00% richiesto -> 0.00% effettivo (0/16384)[0m
[0;32mI (539) PWM: Cambio frequenza: 40000 -> 150 Hz, risoluzione: 8 -> 14 bit[0m
[0;32mI (539) PWM: Timer riconfigurato: 150 Hz, 14 bit (16384 livelli)[0m
Imposto duty: 0 / 16384 (risoluzione: 14 bit)
[0;32mI (549) PWM: Hardware PWM duty: 0.00% richiesto -> 0.00% effettivo (0/16384)[0m
[0;32mI (559) PWM: Cambio frequenza: 40000 -> 21700 Hz, risoluzione: 8 -> 9 bit[0m
[0;32mI (569) PWM: Timer riconfigurato: 21700 Hz, 9 bit (512 livelli)[0m
Imposto duty: 0 / 512 (risoluzione: 9 bit)
[0;32mI (579) PWM: Hardware PWM duty: 0.00% richiesto -> 0.00% effettivo (0/512)[0m
Imposto duty: 256 / 512 (risoluzione: 9 bit)
[0;32mI (589) PWM: Hardware PWM duty: 50.00% richiesto -> 50.10% effettivo (256/512)[0m
Imposto duty: 16383 / 16384 (risoluzione: 14 bit)
[0;32mI (599) PWM: Hardware PWM duty: 100.00% richiesto -> 100.00% effettivo (16383/16384)[0m
